[C:/Мои Web Сайты/http___wrapbootstrap.com_preview_WB0B30DGR/backblue.gif]
[C:/Мои Web Сайты/http___wrapbootstrap.com_preview_WB0B30DGR/fade.gif]
[C:/Мои Web Сайты/http___wrapbootstrap.com_preview_WB0B30DGR/index.html]
[C:/Мои Web Сайты/http___wrapbootstrap.com_preview_WB0B30DGR/wrapbootstrap.com/preview/WB0B30DGR.html]
[C:/Мои Web Сайты/http___wrapbootstrap.com_preview_WB0B30DGR/d85wutc1n854v.cloudfront.net/live/imgs/logo.png]
[C:/Мои Web Сайты/http___wrapbootstrap.com_preview_WB0B30DGR/d85wutc1n854v.cloudfront.net/live/imgs/foot-header-bg.png]
[C:/Мои Web Сайты/http___wrapbootstrap.com_preview_WB0B30DGR/d85wutc1n854v.cloudfront.net/live/imgs/darkgrain.png]
[C:/Мои Web Сайты/http___wrapbootstrap.com_preview_WB0B30DGR/d85wutc1n854v.cloudfront.net/live/imgs/dark_bg.jpg]
[C:/Мои Web Сайты/http___wrapbootstrap.com_preview_WB0B30DGR/d85wutc1n854v.cloudfront.net/live/css/screen_preview.css]
[C:/Мои Web Сайты/http___wrapbootstrap.com_preview_WB0B30DGR/d85wutc1n854v.cloudfront.net/live/js/behavior.js]
[C:/Мои Web Сайты/http___wrapbootstrap.com_preview_WB0B30DGR/d85wutc1n854v.cloudfront.net/live/imgs/content_inner_bg.png]
[C:/Мои Web Сайты/http___wrapbootstrap.com_preview_WB0B30DGR/wrapbootstrap.com/preview/POST]
